[0306/115614.525:ERROR:third_party\crashpad\crashpad\util\file\file_io_win.cc:202] LockFileEx: Incorrect function. (0x1)
[0306/115614.525:ERROR:third_party\crashpad\crashpad\util\file\file_io_win.cc:202] LockFileEx: Incorrect function. (0x1)
[0306/115614.532:ERROR:third_party\crashpad\crashpad\util\file\file_io_win.cc:202] LockFileEx: Incorrect function. (0x1)
[0306/115614.532:ERROR:third_party\crashpad\crashpad\util\file\file_io_win.cc:202] LockFileEx: Incorrect function. (0x1)
[12336:14372:0306/115614.682:ERROR:components\segmentation_platform\internal\database\ukm_database_backend.cc:148] Failed to open UKM database: 0 database is locked

DevTools listening on ws://127.0.0.1:35287/devtools/browser/9765df4e-c858-414a-ae01-9bf98bf7d141
[12336:19484:0306/115614.740:ERROR:content\browser\network_sandbox.cc:385] Failed to grant sandbox access to cache directory \\wsl.localhost\Ubuntu\home\elricenson\website_builds\benson-home-solutions-web\undefined\Users\undefined\AppData\Local\lighthouse.60552918\Default\Cache\Cache_Data: Incorrect function. (0x1)
[12336:22672:0306/115614.745:ERROR:components\password_manager\core\browser\password_store\login_database.cc:1141] Unable to open the password store database.
[12336:22672:0306/115614.745:ERROR:components\password_manager\core\browser\password_store\login_database_async_helper.cc:79] Could not create/open login database.
[12336:17452:0306/115614.745:ERROR:components\password_manager\core\browser\password_store\login_database.cc:1141] Unable to open the password store database.
[12336:17452:0306/115614.746:ERROR:components\password_manager\core\browser\password_store\login_database_async_helper.cc:79] Could not create/open login database.
[12336:22672:0306/115614.768:ERROR:content\browser\network_sandbox.cc:490] Failed to grant sandbox access to network context data directory \\wsl.localhost\Ubuntu\home\elricenson\website_builds\benson-home-solutions-web\undefined\Users\undefined\AppData\Local\lighthouse.60552918\Default\Safe Browsing Network: Incorrect function. (0x1)
[12336:19484:0306/115614.768:ERROR:content\browser\network_sandbox.cc:318] Failed to grant sandbox access to NoVarySearch directory \\wsl.localhost\Ubuntu\home\elricenson\website_builds\benson-home-solutions-web\undefined\Users\undefined\AppData\Local\lighthouse.60552918\Default\Cache\No_Vary_Search: Incorrect function. (0x1)
[12336:19484:0306/115614.787:ERROR:content\browser\network_sandbox.cc:318] Failed to grant sandbox access to SharedDictionary directory \\wsl.localhost\Ubuntu\home\elricenson\website_builds\benson-home-solutions-web\undefined\Users\undefined\AppData\Local\lighthouse.60552918\Default\Shared Dictionary: Incorrect function. (0x1)
[12336:19484:0306/115614.801:ERROR:content\browser\network_sandbox.cc:490] Failed to grant sandbox access to network context data directory \\wsl.localhost\Ubuntu\home\elricenson\website_builds\benson-home-solutions-web\undefined\Users\undefined\AppData\Local\lighthouse.60552918\Default\Network: Incorrect function. (0x1)
[12336:19484:0306/115614.871:ERROR:components\history\core\browser\top_sites_backend.cc:78] Failed to initialize database.
[12336:14500:0306/115614.876:ERROR:content\browser\network_service_instance_impl.cc:243] Encountered error while migrating network context data or granting sandbox access for \\wsl.localhost\Ubuntu\home\elricenson\website_builds\benson-home-solutions-web\undefined\Users\undefined\AppData\Local\lighthouse.60552918\Default\Safe Browsing Network. Result: 6: The operation completed successfully. (0x0)
[12336:14500:0306/115614.897:ERROR:content\browser\network_service_instance_impl.cc:243] Encountered error while migrating network context data or granting sandbox access for \\wsl.localhost\Ubuntu\home\elricenson\website_builds\benson-home-solutions-web\undefined\Users\undefined\AppData\Local\lighthouse.60552918\Default\Network. Result: 6: The operation completed successfully. (0x0)
[12336:20204:0306/115619.941:ERROR:google_apis\gcm\engine\gcm_store_impl.cc:321] Failed to open database \\wsl.localhost\Ubuntu\home\elricenson\website_builds\benson-home-solutions-web\undefined\Users\undefined\AppData\Local\lighthouse.60552918\Default\GCM Store: IO error: \\wsl.localhost\Ubuntu\home\elricenson\website_builds\benson-home-solutions-web\undefined\Users\undefined\AppData\Local\lighthouse.60552918\Default\GCM Store/LOCK: No further details. (ChromeMethodBFE: 15::LockFile::1)
[12336:20732:0306/115621.110:ERROR:google_apis\gcm\engine\gcm_store_impl.cc:418] Destroy failed: IO error: \\wsl.localhost\Ubuntu\home\elricenson\website_builds\benson-home-solutions-web\undefined\Users\undefined\AppData\Local\lighthouse.60552918\Default\GCM Store/LOCK: No further details. (ChromeMethodBFE: 15::LockFile::1)
[12336:20220:0306/115621.110:ERROR:components\gcm_driver\gcm_client_impl.cc:759] Failed to reset GCM store
[12336:14500:0306/120015.402:ERROR:components\device_event_log\device_event_log_impl.cc:202] [12:00:15.402] FIDO: enclave_manager.cc:4262 Failed to write enclave state
[12336:14500:0306/133030.881:ERROR:components\device_event_log\device_event_log_impl.cc:202] [13:30:30.882] USB: usb_service_win.cc:105 SetupDiGetDeviceProperty({{A45C254E-DF1C-4EFD-8020-67D146A850E0}, 6}) failed: Element not found. (0x490)
