[0301/162948.541:ERROR:third_party\crashpad\crashpad\util\file\file_io_win.cc:202] LockFileEx: Incorrect function. (0x1)
[0301/162948.554:ERROR:third_party\crashpad\crashpad\util\file\file_io_win.cc:202] LockFileEx: Incorrect function. (0x1)
[0301/162948.556:ERROR:third_party\crashpad\crashpad\util\file\file_io_win.cc:202] LockFileEx: Incorrect function. (0x1)
[0301/162948.580:ERROR:third_party\crashpad\crashpad\util\file\file_io_win.cc:202] LockFileEx: Incorrect function. (0x1)
[32516:29524:0301/162948.891:ERROR:components\segmentation_platform\internal\database\ukm_database_backend.cc:148] Failed to open UKM database: 0 database is locked

DevTools listening on ws://127.0.0.1:44005/devtools/browser/8cc7d3bc-6ed6-4f08-8670-31057f63c36f
[32516:13676:0301/162949.109:ERROR:components\password_manager\core\browser\password_store\login_database.cc:1141] Unable to open the password store database.
[32516:11132:0301/162949.109:ERROR:components\password_manager\core\browser\password_store\login_database.cc:1141] Unable to open the password store database.
[32516:13676:0301/162949.110:ERROR:components\password_manager\core\browser\password_store\login_database_async_helper.cc:79] Could not create/open login database.
[32516:11132:0301/162949.110:ERROR:components\password_manager\core\browser\password_store\login_database_async_helper.cc:79] Could not create/open login database.
[32516:29524:0301/162949.336:ERROR:content\browser\network_sandbox.cc:490] Failed to grant sandbox access to network context data directory \\wsl.localhost\Ubuntu\home\elricenson\benson-home-solutions-web\undefined\Users\undefined\AppData\Local\lighthouse.14247498\Default\Safe Browsing Network: Incorrect function. (0x1)
[32516:32496:0301/162949.336:ERROR:content\browser\network_service_instance_impl.cc:243] Encountered error while migrating network context data or granting sandbox access for \\wsl.localhost\Ubuntu\home\elricenson\benson-home-solutions-web\undefined\Users\undefined\AppData\Local\lighthouse.14247498\Default\Safe Browsing Network. Result: 6: The operation completed successfully. (0x0)
[32516:30996:0301/162949.415:ERROR:content\browser\network_sandbox.cc:385] Failed to grant sandbox access to cache directory \\wsl.localhost\Ubuntu\home\elricenson\benson-home-solutions-web\undefined\Users\undefined\AppData\Local\lighthouse.14247498\Default\Cache\Cache_Data: Incorrect function. (0x1)
[32516:30996:0301/162949.513:ERROR:content\browser\network_sandbox.cc:318] Failed to grant sandbox access to NoVarySearch directory \\wsl.localhost\Ubuntu\home\elricenson\benson-home-solutions-web\undefined\Users\undefined\AppData\Local\lighthouse.14247498\Default\Cache\No_Vary_Search: Incorrect function. (0x1)
[32516:30996:0301/162949.627:ERROR:content\browser\network_sandbox.cc:318] Failed to grant sandbox access to SharedDictionary directory \\wsl.localhost\Ubuntu\home\elricenson\benson-home-solutions-web\undefined\Users\undefined\AppData\Local\lighthouse.14247498\Default\Shared Dictionary: Incorrect function. (0x1)
[32516:13676:0301/162949.652:ERROR:components\history\core\browser\top_sites_backend.cc:78] Failed to initialize database.
[32516:30996:0301/162949.703:ERROR:content\browser\network_sandbox.cc:490] Failed to grant sandbox access to network context data directory \\wsl.localhost\Ubuntu\home\elricenson\benson-home-solutions-web\undefined\Users\undefined\AppData\Local\lighthouse.14247498\Default\Network: Incorrect function. (0x1)
[32516:32496:0301/162949.703:ERROR:content\browser\network_service_instance_impl.cc:243] Encountered error while migrating network context data or granting sandbox access for \\wsl.localhost\Ubuntu\home\elricenson\benson-home-solutions-web\undefined\Users\undefined\AppData\Local\lighthouse.14247498\Default\Network. Result: 6: The operation completed successfully. (0x0)
[32516:2068:0301/162954.226:ERROR:google_apis\gcm\engine\gcm_store_impl.cc:321] Failed to open database \\wsl.localhost\Ubuntu\home\elricenson\benson-home-solutions-web\undefined\Users\undefined\AppData\Local\lighthouse.14247498\Default\GCM Store: IO error: \\wsl.localhost\Ubuntu\home\elricenson\benson-home-solutions-web\undefined\Users\undefined\AppData\Local\lighthouse.14247498\Default\GCM Store/LOCK: No further details. (ChromeMethodBFE: 15::LockFile::1)
[32516:22392:0301/162956.131:ERROR:google_apis\gcm\engine\gcm_store_impl.cc:418] Destroy failed: IO error: \\wsl.localhost\Ubuntu\home\elricenson\benson-home-solutions-web\undefined\Users\undefined\AppData\Local\lighthouse.14247498\Default\GCM Store/LOCK: No further details. (ChromeMethodBFE: 15::LockFile::1)
[32516:30280:0301/162956.131:ERROR:components\gcm_driver\gcm_client_impl.cc:759] Failed to reset GCM store
[32516:32496:0301/163349.707:ERROR:components\device_event_log\device_event_log_impl.cc:202] [16:33:49.707] FIDO: enclave_manager.cc:4262 Failed to write enclave state
