[0306/115518.518:ERROR:third_party\crashpad\crashpad\util\file\file_io_win.cc:202] LockFileEx: Incorrect function. (0x1)
[0306/115518.519:ERROR:third_party\crashpad\crashpad\util\file\file_io_win.cc:202] LockFileEx: Incorrect function. (0x1)
[0306/115518.519:ERROR:third_party\crashpad\crashpad\util\file\file_io_win.cc:202] LockFileEx: Incorrect function. (0x1)
[0306/115518.523:ERROR:third_party\crashpad\crashpad\util\file\file_io_win.cc:202] LockFileEx: Incorrect function. (0x1)
[17044:22664:0306/115519.464:ERROR:components\segmentation_platform\internal\database\ukm_database_backend.cc:148] Failed to open UKM database: 0 database is locked

DevTools listening on ws://127.0.0.1:44209/devtools/browser/dd94cd5f-45a3-48b4-bea7-f0d8df9722e5
[17044:19428:0306/115519.525:ERROR:content\browser\network_sandbox.cc:385] Failed to grant sandbox access to cache directory \\wsl.localhost\Ubuntu\home\elricenson\website_builds\benson-home-solutions-web\undefined\Users\undefined\AppData\Local\lighthouse.59299404\Default\Cache\Cache_Data: Incorrect function. (0x1)
[17044:6020:0306/115519.528:ERROR:components\password_manager\core\browser\password_store\login_database.cc:1141] Unable to open the password store database.
[17044:6020:0306/115519.528:ERROR:components\password_manager\core\browser\password_store\login_database_async_helper.cc:79] Could not create/open login database.
[17044:18080:0306/115519.528:ERROR:components\password_manager\core\browser\password_store\login_database.cc:1141] Unable to open the password store database.
[17044:18080:0306/115519.528:ERROR:components\password_manager\core\browser\password_store\login_database_async_helper.cc:79] Could not create/open login database.
[17044:19428:0306/115519.538:ERROR:content\browser\network_sandbox.cc:318] Failed to grant sandbox access to NoVarySearch directory \\wsl.localhost\Ubuntu\home\elricenson\website_builds\benson-home-solutions-web\undefined\Users\undefined\AppData\Local\lighthouse.59299404\Default\Cache\No_Vary_Search: Incorrect function. (0x1)
[17044:25352:0306/115519.547:ERROR:content\browser\network_sandbox.cc:490] Failed to grant sandbox access to network context data directory \\wsl.localhost\Ubuntu\home\elricenson\website_builds\benson-home-solutions-web\undefined\Users\undefined\AppData\Local\lighthouse.59299404\Default\Safe Browsing Network: Incorrect function. (0x1)
[17044:19428:0306/115519.560:ERROR:content\browser\network_sandbox.cc:318] Failed to grant sandbox access to SharedDictionary directory \\wsl.localhost\Ubuntu\home\elricenson\website_builds\benson-home-solutions-web\undefined\Users\undefined\AppData\Local\lighthouse.59299404\Default\Shared Dictionary: Incorrect function. (0x1)
[17044:19428:0306/115519.568:ERROR:content\browser\network_sandbox.cc:490] Failed to grant sandbox access to network context data directory \\wsl.localhost\Ubuntu\home\elricenson\website_builds\benson-home-solutions-web\undefined\Users\undefined\AppData\Local\lighthouse.59299404\Default\Network: Incorrect function. (0x1)
[17044:24296:0306/115519.646:ERROR:components\history\core\browser\top_sites_backend.cc:78] Failed to initialize database.
[17044:5480:0306/115519.652:ERROR:content\browser\network_service_instance_impl.cc:243] Encountered error while migrating network context data or granting sandbox access for \\wsl.localhost\Ubuntu\home\elricenson\website_builds\benson-home-solutions-web\undefined\Users\undefined\AppData\Local\lighthouse.59299404\Default\Safe Browsing Network. Result: 6: The operation completed successfully. (0x0)
[17044:5480:0306/115519.672:ERROR:content\browser\network_service_instance_impl.cc:243] Encountered error while migrating network context data or granting sandbox access for \\wsl.localhost\Ubuntu\home\elricenson\website_builds\benson-home-solutions-web\undefined\Users\undefined\AppData\Local\lighthouse.59299404\Default\Network. Result: 6: The operation completed successfully. (0x0)
[17044:24628:0306/115525.170:ERROR:google_apis\gcm\engine\gcm_store_impl.cc:321] Failed to open database \\wsl.localhost\Ubuntu\home\elricenson\website_builds\benson-home-solutions-web\undefined\Users\undefined\AppData\Local\lighthouse.59299404\Default\GCM Store: IO error: \\wsl.localhost\Ubuntu\home\elricenson\website_builds\benson-home-solutions-web\undefined\Users\undefined\AppData\Local\lighthouse.59299404\Default\GCM Store/LOCK: No further details. (ChromeMethodBFE: 15::LockFile::1)
[17044:21096:0306/115526.847:ERROR:google_apis\gcm\engine\gcm_store_impl.cc:418] Destroy failed: IO error: \\wsl.localhost\Ubuntu\home\elricenson\website_builds\benson-home-solutions-web\undefined\Users\undefined\AppData\Local\lighthouse.59299404\Default\GCM Store/LOCK: No further details. (ChromeMethodBFE: 15::LockFile::1)
[17044:12328:0306/115526.847:ERROR:components\gcm_driver\gcm_client_impl.cc:759] Failed to reset GCM store
[17044:5480:0306/115920.179:ERROR:components\device_event_log\device_event_log_impl.cc:202] [11:59:20.173] FIDO: enclave_manager.cc:4262 Failed to write enclave state
[17044:5480:0306/133030.881:ERROR:components\device_event_log\device_event_log_impl.cc:202] [13:30:30.882] USB: usb_service_win.cc:105 SetupDiGetDeviceProperty({{A45C254E-DF1C-4EFD-8020-67D146A850E0}, 6}) failed: Element not found. (0x490)
