[0301/163016.823:ERROR:third_party\crashpad\crashpad\util\file\file_io_win.cc:202] LockFileEx: Incorrect function. (0x1)
[0301/163016.836:ERROR:third_party\crashpad\crashpad\util\file\file_io_win.cc:202] LockFileEx: Incorrect function. (0x1)
[0301/163016.837:ERROR:third_party\crashpad\crashpad\util\file\file_io_win.cc:202] LockFileEx: Incorrect function. (0x1)
[0301/163016.862:ERROR:third_party\crashpad\crashpad\util\file\file_io_win.cc:202] LockFileEx: Incorrect function. (0x1)
[22740:28232:0301/163017.198:ERROR:components\segmentation_platform\internal\database\ukm_database_backend.cc:148] Failed to open UKM database: 0 database is locked

DevTools listening on ws://127.0.0.1:34141/devtools/browser/5c120003-9bb6-41ec-b03e-a90ef4e92c49
[22740:32368:0301/163017.432:ERROR:components\password_manager\core\browser\password_store\login_database.cc:1141] Unable to open the password store database.
[22740:9936:0301/163017.433:ERROR:components\password_manager\core\browser\password_store\login_database.cc:1141] Unable to open the password store database.
[22740:32368:0301/163017.433:ERROR:components\password_manager\core\browser\password_store\login_database_async_helper.cc:79] Could not create/open login database.
[22740:9936:0301/163017.435:ERROR:components\password_manager\core\browser\password_store\login_database_async_helper.cc:79] Could not create/open login database.
[22740:32356:0301/163017.491:ERROR:content\browser\network_sandbox.cc:490] Failed to grant sandbox access to network context data directory \\wsl.localhost\Ubuntu\home\elricenson\benson-home-solutions-web\undefined\Users\undefined\AppData\Local\lighthouse.78307510\Default\Safe Browsing Network: Incorrect function. (0x1)
[22740:29284:0301/163017.505:ERROR:content\browser\network_sandbox.cc:385] Failed to grant sandbox access to cache directory \\wsl.localhost\Ubuntu\home\elricenson\benson-home-solutions-web\undefined\Users\undefined\AppData\Local\lighthouse.78307510\Default\Cache\Cache_Data: Incorrect function. (0x1)
[22740:12924:0301/163017.634:ERROR:content\browser\network_service_instance_impl.cc:243] Encountered error while migrating network context data or granting sandbox access for \\wsl.localhost\Ubuntu\home\elricenson\benson-home-solutions-web\undefined\Users\undefined\AppData\Local\lighthouse.78307510\Default\Safe Browsing Network. Result: 6: The operation completed successfully. (0x0)
[22740:29284:0301/163017.667:ERROR:content\browser\network_sandbox.cc:318] Failed to grant sandbox access to NoVarySearch directory \\wsl.localhost\Ubuntu\home\elricenson\benson-home-solutions-web\undefined\Users\undefined\AppData\Local\lighthouse.78307510\Default\Cache\No_Vary_Search: Incorrect function. (0x1)
[22740:29284:0301/163017.780:ERROR:content\browser\network_sandbox.cc:318] Failed to grant sandbox access to SharedDictionary directory \\wsl.localhost\Ubuntu\home\elricenson\benson-home-solutions-web\undefined\Users\undefined\AppData\Local\lighthouse.78307510\Default\Shared Dictionary: Incorrect function. (0x1)
[22740:28232:0301/163017.855:ERROR:components\history\core\browser\top_sites_backend.cc:78] Failed to initialize database.
[22740:29284:0301/163017.879:ERROR:content\browser\network_sandbox.cc:490] Failed to grant sandbox access to network context data directory \\wsl.localhost\Ubuntu\home\elricenson\benson-home-solutions-web\undefined\Users\undefined\AppData\Local\lighthouse.78307510\Default\Network: Incorrect function. (0x1)
[22740:12924:0301/163017.879:ERROR:content\browser\network_service_instance_impl.cc:243] Encountered error while migrating network context data or granting sandbox access for \\wsl.localhost\Ubuntu\home\elricenson\benson-home-solutions-web\undefined\Users\undefined\AppData\Local\lighthouse.78307510\Default\Network. Result: 6: The operation completed successfully. (0x0)
[22740:12960:0301/163023.079:ERROR:google_apis\gcm\engine\gcm_store_impl.cc:321] Failed to open database \\wsl.localhost\Ubuntu\home\elricenson\benson-home-solutions-web\undefined\Users\undefined\AppData\Local\lighthouse.78307510\Default\GCM Store: IO error: \\wsl.localhost\Ubuntu\home\elricenson\benson-home-solutions-web\undefined\Users\undefined\AppData\Local\lighthouse.78307510\Default\GCM Store/LOCK: No further details. (ChromeMethodBFE: 15::LockFile::1)
[22740:27528:0301/163024.459:ERROR:google_apis\gcm\engine\gcm_store_impl.cc:418] Destroy failed: IO error: \\wsl.localhost\Ubuntu\home\elricenson\benson-home-solutions-web\undefined\Users\undefined\AppData\Local\lighthouse.78307510\Default\GCM Store/LOCK: No further details. (ChromeMethodBFE: 15::LockFile::1)
[22740:27316:0301/163024.459:ERROR:components\gcm_driver\gcm_client_impl.cc:759] Failed to reset GCM store
[22740:12924:0301/163418.050:ERROR:components\device_event_log\device_event_log_impl.cc:202] [16:34:18.050] FIDO: enclave_manager.cc:4262 Failed to write enclave state
