[0301/162920.689:ERROR:third_party\crashpad\crashpad\util\file\file_io_win.cc:202] LockFileEx: Incorrect function. (0x1)
[0301/162920.709:ERROR:third_party\crashpad\crashpad\util\file\file_io_win.cc:202] LockFileEx: Incorrect function. (0x1)
[0301/162920.711:ERROR:third_party\crashpad\crashpad\util\file\file_io_win.cc:202] LockFileEx: Incorrect function. (0x1)
[0301/162920.748:ERROR:third_party\crashpad\crashpad\util\file\file_io_win.cc:202] LockFileEx: Incorrect function. (0x1)
[26312:31376:0301/162922.097:ERROR:components\segmentation_platform\internal\database\ukm_database_backend.cc:148] Failed to open UKM database: 0 database is locked

DevTools listening on ws://127.0.0.1:38231/devtools/browser/9955e721-4782-427a-8bcb-bbd32060400a
[26312:31376:0301/162922.374:ERROR:components\password_manager\core\browser\password_store\login_database.cc:1141] Unable to open the password store database.
[26312:31772:0301/162922.374:ERROR:components\password_manager\core\browser\password_store\login_database.cc:1141] Unable to open the password store database.
[26312:31772:0301/162922.377:ERROR:components\password_manager\core\browser\password_store\login_database_async_helper.cc:79] Could not create/open login database.
[26312:31376:0301/162922.377:ERROR:components\password_manager\core\browser\password_store\login_database_async_helper.cc:79] Could not create/open login database.
[26312:21312:0301/162922.506:ERROR:content\browser\network_sandbox.cc:490] Failed to grant sandbox access to network context data directory \\wsl.localhost\Ubuntu\home\elricenson\benson-home-solutions-web\undefined\Users\undefined\AppData\Local\lighthouse.62341685\Default\Safe Browsing Network: Incorrect function. (0x1)
[26312:31748:0301/162922.596:ERROR:content\browser\network_sandbox.cc:385] Failed to grant sandbox access to cache directory \\wsl.localhost\Ubuntu\home\elricenson\benson-home-solutions-web\undefined\Users\undefined\AppData\Local\lighthouse.62341685\Default\Cache\Cache_Data: Incorrect function. (0x1)
[26312:26236:0301/162922.695:ERROR:content\browser\network_service_instance_impl.cc:243] Encountered error while migrating network context data or granting sandbox access for \\wsl.localhost\Ubuntu\home\elricenson\benson-home-solutions-web\undefined\Users\undefined\AppData\Local\lighthouse.62341685\Default\Safe Browsing Network. Result: 6: The operation completed successfully. (0x0)
[26312:31772:0301/162922.947:ERROR:components\history\core\browser\top_sites_backend.cc:78] Failed to initialize database.
[26312:31748:0301/162922.969:ERROR:content\browser\network_sandbox.cc:318] Failed to grant sandbox access to NoVarySearch directory \\wsl.localhost\Ubuntu\home\elricenson\benson-home-solutions-web\undefined\Users\undefined\AppData\Local\lighthouse.62341685\Default\Cache\No_Vary_Search: Incorrect function. (0x1)
[26312:31748:0301/162923.068:ERROR:content\browser\network_sandbox.cc:318] Failed to grant sandbox access to SharedDictionary directory \\wsl.localhost\Ubuntu\home\elricenson\benson-home-solutions-web\undefined\Users\undefined\AppData\Local\lighthouse.62341685\Default\Shared Dictionary: Incorrect function. (0x1)
[26312:31748:0301/162923.427:ERROR:content\browser\network_sandbox.cc:490] Failed to grant sandbox access to network context data directory \\wsl.localhost\Ubuntu\home\elricenson\benson-home-solutions-web\undefined\Users\undefined\AppData\Local\lighthouse.62341685\Default\Network: Incorrect function. (0x1)
[26312:26236:0301/162923.427:ERROR:content\browser\network_service_instance_impl.cc:243] Encountered error while migrating network context data or granting sandbox access for \\wsl.localhost\Ubuntu\home\elricenson\benson-home-solutions-web\undefined\Users\undefined\AppData\Local\lighthouse.62341685\Default\Network. Result: 6: The operation completed successfully. (0x0)
[26312:30916:0301/162929.856:ERROR:google_apis\gcm\engine\gcm_store_impl.cc:321] Failed to open database \\wsl.localhost\Ubuntu\home\elricenson\benson-home-solutions-web\undefined\Users\undefined\AppData\Local\lighthouse.62341685\Default\GCM Store: IO error: \\wsl.localhost\Ubuntu\home\elricenson\benson-home-solutions-web\undefined\Users\undefined\AppData\Local\lighthouse.62341685\Default\GCM Store/LOCK: No further details. (ChromeMethodBFE: 15::LockFile::1)
[26312:30916:0301/162930.921:ERROR:google_apis\gcm\engine\gcm_store_impl.cc:418] Destroy failed: IO error: \\wsl.localhost\Ubuntu\home\elricenson\benson-home-solutions-web\undefined\Users\undefined\AppData\Local\lighthouse.62341685\Default\GCM Store/LOCK: No further details. (ChromeMethodBFE: 15::LockFile::1)
[26312:7548:0301/162930.921:ERROR:components\gcm_driver\gcm_client_impl.cc:759] Failed to reset GCM store
[26312:26236:0301/163323.063:ERROR:components\device_event_log\device_event_log_impl.cc:202] [16:33:23.060] FIDO: enclave_manager.cc:4262 Failed to write enclave state
