[0306/115546.496:ERROR:third_party\crashpad\crashpad\util\file\file_io_win.cc:202] LockFileEx: Incorrect function. (0x1)
[0306/115546.496:ERROR:third_party\crashpad\crashpad\util\file\file_io_win.cc:202] LockFileEx: Incorrect function. (0x1)
[0306/115546.506:ERROR:third_party\crashpad\crashpad\util\file\file_io_win.cc:202] LockFileEx: Incorrect function. (0x1)
[0306/115546.508:ERROR:third_party\crashpad\crashpad\util\file\file_io_win.cc:202] LockFileEx: Incorrect function. (0x1)
[14432:16188:0306/115546.666:ERROR:components\segmentation_platform\internal\database\ukm_database_backend.cc:148] Failed to open UKM database: 0 database is locked
[14432:21260:0306/115546.712:ERROR:content\browser\network_sandbox.cc:385] Failed to grant sandbox access to cache directory \\wsl.localhost\Ubuntu\home\elricenson\website_builds\benson-home-solutions-web\undefined\Users\undefined\AppData\Local\lighthouse.39396315\Default\Cache\Cache_Data: Incorrect function. (0x1)

DevTools listening on ws://127.0.0.1:32953/devtools/browser/91740f2b-feb1-4214-9a9c-305983c1549f
[14432:736:0306/115546.730:ERROR:components\password_manager\core\browser\password_store\login_database.cc:1141] Unable to open the password store database.
[14432:24408:0306/115546.730:ERROR:components\password_manager\core\browser\password_store\login_database.cc:1141] Unable to open the password store database.
[14432:24408:0306/115546.730:ERROR:components\password_manager\core\browser\password_store\login_database_async_helper.cc:79] Could not create/open login database.
[14432:736:0306/115546.730:ERROR:components\password_manager\core\browser\password_store\login_database_async_helper.cc:79] Could not create/open login database.
[14432:5240:0306/115546.745:ERROR:content\browser\network_sandbox.cc:490] Failed to grant sandbox access to network context data directory \\wsl.localhost\Ubuntu\home\elricenson\website_builds\benson-home-solutions-web\undefined\Users\undefined\AppData\Local\lighthouse.39396315\Default\Safe Browsing Network: Incorrect function. (0x1)
[14432:21260:0306/115546.756:ERROR:content\browser\network_sandbox.cc:318] Failed to grant sandbox access to NoVarySearch directory \\wsl.localhost\Ubuntu\home\elricenson\website_builds\benson-home-solutions-web\undefined\Users\undefined\AppData\Local\lighthouse.39396315\Default\Cache\No_Vary_Search: Incorrect function. (0x1)
[14432:21260:0306/115546.768:ERROR:content\browser\network_sandbox.cc:318] Failed to grant sandbox access to SharedDictionary directory \\wsl.localhost\Ubuntu\home\elricenson\website_builds\benson-home-solutions-web\undefined\Users\undefined\AppData\Local\lighthouse.39396315\Default\Shared Dictionary: Incorrect function. (0x1)
[14432:21260:0306/115546.779:ERROR:content\browser\network_sandbox.cc:490] Failed to grant sandbox access to network context data directory \\wsl.localhost\Ubuntu\home\elricenson\website_builds\benson-home-solutions-web\undefined\Users\undefined\AppData\Local\lighthouse.39396315\Default\Network: Incorrect function. (0x1)
[14432:16120:0306/115546.842:ERROR:content\browser\network_service_instance_impl.cc:243] Encountered error while migrating network context data or granting sandbox access for \\wsl.localhost\Ubuntu\home\elricenson\website_builds\benson-home-solutions-web\undefined\Users\undefined\AppData\Local\lighthouse.39396315\Default\Safe Browsing Network. Result: 6: The operation completed successfully. (0x0)
[14432:13528:0306/115546.849:ERROR:components\history\core\browser\top_sites_backend.cc:78] Failed to initialize database.
[14432:16120:0306/115546.862:ERROR:content\browser\network_service_instance_impl.cc:243] Encountered error while migrating network context data or granting sandbox access for \\wsl.localhost\Ubuntu\home\elricenson\website_builds\benson-home-solutions-web\undefined\Users\undefined\AppData\Local\lighthouse.39396315\Default\Network. Result: 6: The operation completed successfully. (0x0)
[14432:8152:0306/115551.871:ERROR:google_apis\gcm\engine\gcm_store_impl.cc:321] Failed to open database \\wsl.localhost\Ubuntu\home\elricenson\website_builds\benson-home-solutions-web\undefined\Users\undefined\AppData\Local\lighthouse.39396315\Default\GCM Store: IO error: \\wsl.localhost\Ubuntu\home\elricenson\website_builds\benson-home-solutions-web\undefined\Users\undefined\AppData\Local\lighthouse.39396315\Default\GCM Store/LOCK: No further details. (ChromeMethodBFE: 15::LockFile::1)
[14432:10648:0306/115552.986:ERROR:google_apis\gcm\engine\gcm_store_impl.cc:418] Destroy failed: IO error: \\wsl.localhost\Ubuntu\home\elricenson\website_builds\benson-home-solutions-web\undefined\Users\undefined\AppData\Local\lighthouse.39396315\Default\GCM Store/LOCK: No further details. (ChromeMethodBFE: 15::LockFile::1)
[14432:11960:0306/115552.986:ERROR:components\gcm_driver\gcm_client_impl.cc:759] Failed to reset GCM store
[14432:16120:0306/115947.367:ERROR:components\device_event_log\device_event_log_impl.cc:202] [11:59:47.367] FIDO: enclave_manager.cc:4262 Failed to write enclave state
[14432:16120:0306/133030.881:ERROR:components\device_event_log\device_event_log_impl.cc:202] [13:30:30.882] USB: usb_service_win.cc:105 SetupDiGetDeviceProperty({{A45C254E-DF1C-4EFD-8020-67D146A850E0}, 6}) failed: Element not found. (0x490)
